
> vict-quellight@0.0.0-g1 build
> vite build

[36mvite v7.3.6 [32mbuilding ssr environment for production...[36m[39m
transforming...
[32m✓[39m 157 modules transformed.
rendering chunks...
[36mvite v7.3.6 [32mbuilding client environment for production...[36m[39m
transforming...
[32m✓[39m 158 modules transformed.
rendering chunks...
computing gzip size...
[2m.svelte-kit/output/client/[22m[32m_app/version.json                       [39m[1m[2m 0.03 kB[22m[1m[22m[2m │ gzip: 0.05 kB[22m
[2m.svelte-kit/output/client/[22m[32m.vite/manifest.json                     [39m[1m[2m 3.39 kB[22m[1m[22m[2m │ gzip: 0.66 kB[22m
[2m.svelte-kit/output/client/[22m[35m_app/immutable/assets/0.dp0dcT-X.css    [39m[1m[2m 0.51 kB[22m[1m[22m[2m │ gzip: 0.33 kB[22m
[2m.svelte-kit/output/client/[22m[35m_app/immutable/assets/2.BBBKak9D.css    [39m[1m[2m 2.86 kB[22m[1m[22m[2m │ gzip: 0.90 kB[22m
[2m.svelte-kit/output/client/[22m[36m_app/immutable/chunks/DzqdhXdc.js       [39m[1m[2m 0.23 kB[22m[1m[22m[2m │ gzip: 0.20 kB[22m
[2m.svelte-kit/output/client/[22m[36m_app/immutable/nodes/0.CPEkc5Kq.js      [39m[1m[2m 0.34 kB[22m[1m[22m[2m │ gzip: 0.24 kB[22m
[2m.svelte-kit/output/client/[22m[36m_app/immutable/nodes/1.BJsHdYSg.js      [39m[1m[2m 0.47 kB[22m[1m[22m[2m │ gzip: 0.31 kB[22m
[2m.svelte-kit/output/client/[22m[36m_app/immutable/chunks/CNLbIbOl.js       [39m[1m[2m 0.81 kB[22m[1m[22m[2m │ gzip: 0.49 kB[22m
[2m.svelte-kit/output/client/[22m[36m_app/immutable/chunks/C2dSpk4b.js       [39m[1m[2m 1.23 kB[22m[1m[22m[2m │ gzip: 0.70 kB[22m
[2m.svelte-kit/output/client/[22m[36m_app/immutable/chunks/wbPk3Yxo.js       [39m[1m[2m 1.37 kB[22m[1m[22m[2m │ gzip: 0.66 kB[22m
[2m.svelte-kit/output/client/[22m[36m_app/immutable/chunks/CZW_XPdU.js       [39m[1m[2m 1.50 kB[22m[1m[22m[2m │ gzip: 0.67 kB[22m
[2m.svelte-kit/output/client/[22m[36m_app/immutable/chunks/CmCp7d6F.js       [39m[1m[2m 6.12 kB[22m[1m[22m[2m │ gzip: 2.84 kB[22m
[2m.svelte-kit/output/client/[22m[36m_app/immutable/chunks/TZTxgFQI.js       [39m[1m[2m 6.40 kB[22m[1m[22m[2m │ gzip: 2.91 kB[22m
[2m.svelte-kit/output/client/[22m[36m_app/immutable/entry/app.CHSHJ6gV.js    [39m[1m[2m 6.62 kB[22m[1m[22m[2m │ gzip: 3.12 kB[22m
[2m.svelte-kit/output/client/[22m[36m_app/immutable/nodes/2.BPUTSPEh.js      [39m[1m[2m11.20 kB[22m[1m[22m[2m │ gzip: 4.80 kB[22m
[2m.svelte-kit/output/client/[22m[36m_app/immutable/entry/start.Bo0wI7Lu.js  [39m[1m[2m21.86 kB[22m[1m[22m[2m │ gzip: 8.58 kB[22m
[2m.svelte-kit/output/client/[22m[36m_app/immutable/chunks/CC4duI0-.js       [39m[1m[2m25.05 kB[22m[1m[22m[2m │ gzip: 9.69 kB[22m
[32m✓ built in 2.65s[39m
[2m.svelte-kit/output/server/[22m[32m.vite/manifest.json                           [39m[1m[2m  3.57 kB[22m[1m[22m
[2m.svelte-kit/output/server/[22m[35m_app/immutable/assets/_layout.dp0dcT-X.css    [39m[1m[2m  0.51 kB[22m[1m[22m
[2m.svelte-kit/output/server/[22m[35m_app/immutable/assets/_page.BBBKak9D.css      [39m[1m[2m  2.86 kB[22m[1m[22m
[2m.svelte-kit/output/server/[22m[36mentries/pages/_layout.svelte.js               [39m[1m[2m  0.18 kB[22m[1m[22m
[2m.svelte-kit/output/server/[22m[36menv.js                                        [39m[1m[2m  0.23 kB[22m[1m[22m
[2m.svelte-kit/output/server/[22m[36mentries/endpoints/api/health/_server.ts.js    [39m[1m[2m  0.26 kB[22m[1m[22m
[2m.svelte-kit/output/server/[22m[36minternal.js                                   [39m[1m[2m  0.35 kB[22m[1m[22m
[2m.svelte-kit/output/server/[22m[36mentries/endpoints/api/shutdown/_server.ts.js  [39m[1m[2m  0.42 kB[22m[1m[22m
[2m.svelte-kit/output/server/[22m[36mchunks/server.js                              [39m[1m[2m  0.62 kB[22m[1m[22m
[2m.svelte-kit/output/server/[22m[36mentries/endpoints/api/turn/_server.ts.js      [39m[1m[2m  0.79 kB[22m[1m[22m
[2m.svelte-kit/output/server/[22m[36mentries/fallbacks/error.svelte.js             [39m[1m[2m  1.02 kB[22m[1m[22m
[2m.svelte-kit/output/server/[22m[36mchunks/utils2.js                              [39m[1m[2m  1.09 kB[22m[1m[22m
[2m.svelte-kit/output/server/[22m[36mchunks/internal.js                            [39m[1m[2m  3.27 kB[22m[1m[22m
[2m.svelte-kit/output/server/[22m[36mentries/pages/_page.svelte.js                 [39m[1m[2m  3.84 kB[22m[1m[22m
[2m.svelte-kit/output/server/[22m[36mchunks/exports.js                             [39m[1m[2m  5.59 kB[22m[1m[22m
[2m.svelte-kit/output/server/[22m[36mchunks/quellight.js                           [39m[1m[2m 19.34 kB[22m[1m[22m
[2m.svelte-kit/output/server/[22m[36mchunks/utils.js                               [39m[1m[2m 34.22 kB[22m[1m[22m
[2m.svelte-kit/output/server/[22m[36mremote-entry.js                               [39m[1m[2m 36.81 kB[22m[1m[22m
[2m.svelte-kit/output/server/[22m[36mchunks/index.js                               [39m[1m[2m 43.83 kB[22m[1m[22m
[2m.svelte-kit/output/server/[22m[36mchunks/root.js                                [39m[1m[2m 89.80 kB[22m[1m[22m
[2m.svelte-kit/output/server/[22m[36mindex.js                                      [39m[1m[2m132.25 kB[22m[1m[22m
[32m✓ built in 18.70s[39m

Run npm run preview to preview your production build locally.

> Using @sveltejs/adapter-node
  ✔ done
